[11:12:58] START D1 seed1  cond={'norm_mode': 'minmax', 'gamma': 0.1, 'sync_mode': 'step', 'sync_freq': 10, 'weights': [0.25, 0.4, 0.25, 0.1]}
[11:12:58] START D2 seed1  cond={'norm_mode': 'sum', 'gamma': 0.9, 'sync_mode': 'step', 'sync_freq': 10, 'weights': [0.25, 0.4, 0.25, 0.1]}
[11:12:58] START D2 seed2  cond={'norm_mode': 'sum', 'gamma': 0.9, 'sync_mode': 'step', 'sync_freq': 10, 'weights': [0.25, 0.4, 0.25, 0.1]}
[11:12:58] START D1 seed2  cond={'norm_mode': 'minmax', 'gamma': 0.1, 'sync_mode': 'step', 'sync_freq': 10, 'weights': [0.25, 0.4, 0.25, 0.1]}
[11:12:58] START D0 seed2  cond={'norm_mode': 'sum', 'gamma': 0.1, 'sync_mode': 'step', 'sync_freq': 10, 'weights': [0.25, 0.4, 0.25, 0.1]}
[11:12:58] START D0 seed1  cond={'norm_mode': 'sum', 'gamma': 0.1, 'sync_mode': 'step', 'sync_freq': 10, 'weights': [0.25, 0.4, 0.25, 0.1]}
[11:12:58] START D3 seed1  cond={'norm_mode': 'sum', 'gamma': 0.1, 'sync_mode': 'update', 'sync_freq': 200, 'weights': [0.25, 0.4, 0.25, 0.1]}
[11:17:10]     [D2 s1] ep 100/500 loss=0.10923 reward=106.4 eps=0.800 updates=25130
[11:17:12]     [D1 s1] ep 100/500 loss=0.00491 reward=108.8 eps=0.800 updates=25130
[11:17:15]     [D0 s1] ep 100/500 loss=0.00545 reward=106.4 eps=0.800 updates=25130
[11:17:15]     [D3 s1] ep 100/500 loss=0.00542 reward=108.5 eps=0.800 updates=25130
[11:18:04]     [D2 s2] ep 100/500 loss=0.12505 reward=62.4 eps=0.800 updates=29990
[11:18:05]     [D0 s2] ep 100/500 loss=0.00526 reward=62.5 eps=0.800 updates=29990
[11:18:06]     [D1 s2] ep 100/500 loss=0.00501 reward=62.3 eps=0.800 updates=29990
[11:22:15]     [D2 s2] ep 200/500 loss=0.14403 reward=105.8 eps=0.600 updates=53490
[11:22:16]     [D0 s2] ep 200/500 loss=0.00401 reward=105.9 eps=0.600 updates=53490
[11:22:17]     [D1 s2] ep 200/500 loss=0.00336 reward=109.1 eps=0.600 updates=53490
[11:22:31]     [D2 s1] ep 200/500 loss=0.08287 reward=108.4 eps=0.600 updates=55200
[11:22:32]     [D1 s1] ep 200/500 loss=0.00379 reward=109.0 eps=0.600 updates=55200
[11:22:37]     [D3 s1] ep 200/500 loss=0.00422 reward=107.2 eps=0.600 updates=55200
[11:22:38]     [D0 s1] ep 200/500 loss=0.00404 reward=106.1 eps=0.600 updates=55200
[11:27:27]     [D2 s2] ep 300/500 loss=0.06773 reward=163.9 eps=0.400 updates=82690
[11:27:28]     [D0 s2] ep 300/500 loss=0.00269 reward=159.8 eps=0.400 updates=82690
[11:27:28]     [D1 s2] ep 300/500 loss=0.00228 reward=158.8 eps=0.400 updates=82690
[11:28:21]     [D2 s1] ep 300/500 loss=0.04720 reward=50.3 eps=0.400 updates=88030
[11:28:22]     [D1 s1] ep 300/500 loss=0.00261 reward=52.3 eps=0.400 updates=88030
[11:28:27]     [D3 s1] ep 300/500 loss=0.00287 reward=50.4 eps=0.400 updates=88030
[11:28:29]     [D0 s1] ep 300/500 loss=0.00263 reward=51.9 eps=0.400 updates=88030
[11:32:41]     [D2 s1] ep 400/500 loss=0.09356 reward=225.3 eps=0.200 updates=112940
[11:32:42]     [D1 s1] ep 400/500 loss=0.00091 reward=221.5 eps=0.200 updates=112940
[11:32:46]     [D3 s1] ep 400/500 loss=0.00108 reward=223.0 eps=0.200 updates=112940
[11:32:49]     [D0 s1] ep 400/500 loss=0.00094 reward=220.9 eps=0.200 updates=112940
[11:32:50]     [D2 s2] ep 400/500 loss=0.10936 reward=77.0 eps=0.200 updates=113630
[11:32:51]     [D0 s2] ep 400/500 loss=0.00190 reward=77.0 eps=0.200 updates=113630
[11:32:51]     [D1 s2] ep 400/500 loss=0.00158 reward=77.7 eps=0.200 updates=113630
[11:37:28]     [D2 s1] ep 500/500 loss=0.07874 reward=333.4 eps=0.200 updates=142110
[11:37:28]     [D1 s1] ep 500/500 loss=0.00161 reward=328.1 eps=0.200 updates=142110
[11:37:29]     [D2 s2] ep 500/500 loss=0.04258 reward=234.4 eps=0.200 updates=142110
[11:37:31]     [D3 s1] ep 500/500 loss=0.00149 reward=322.7 eps=0.200 updates=142110
[11:37:31]     [D0 s2] ep 500/500 loss=0.00108 reward=218.9 eps=0.200 updates=142110
[11:37:31]     [D1 s2] ep 500/500 loss=0.00122 reward=230.1 eps=0.200 updates=142110
[11:37:33]     [D0 s1] ep 500/500 loss=0.00127 reward=324.6 eps=0.200 updates=142110
[11:37:39] DONE D2 seed1  overflow=0.833 max_level=9.695 act0_lock=0.000 i100=240.2  (1481s)
>>> 1/14 done
[11:37:39] START D3 seed2  cond={'norm_mode': 'sum', 'gamma': 0.1, 'sync_mode': 'update', 'sync_freq': 200, 'weights': [0.25, 0.4, 0.25, 0.1]}
[11:37:40] DONE D1 seed1  overflow=1.000 max_level=10.000 act0_lock=1.000 i100=0.0  (1481s)
>>> 2/14 done
[11:37:40] START D4 seed1  cond={'norm_mode': 'minmax', 'gamma': 0.9, 'sync_mode': 'step', 'sync_freq': 10, 'weights': [0.25, 0.4, 0.25, 0.1]}
[11:37:40] DONE D2 seed2  overflow=0.767 max_level=9.594 act0_lock=0.000 i100=247.4  (1481s)
>>> 3/14 done
[11:37:40] START D4 seed2  cond={'norm_mode': 'minmax', 'gamma': 0.9, 'sync_mode': 'step', 'sync_freq': 10, 'weights': [0.25, 0.4, 0.25, 0.1]}
[11:37:42] DONE D3 seed1  overflow=0.800 max_level=9.856 act0_lock=0.000 i100=144.8  (1483s)
>>> 4/14 done
[11:37:42] START D5 seed1  cond={'norm_mode': 'minmax', 'gamma': 0.9, 'sync_mode': 'update', 'sync_freq': 200, 'weights': [0.25, 0.4, 0.25, 0.1]}
[11:37:43] DONE D0 seed2  overflow=1.000 max_level=10.000 act0_lock=1.000 i100=0.0  (1484s)
>>> 5/14 done
[11:37:43] START D5 seed2  cond={'norm_mode': 'minmax', 'gamma': 0.9, 'sync_mode': 'update', 'sync_freq': 200, 'weights': [0.25, 0.4, 0.25, 0.1]}
[11:37:43] DONE D1 seed2  overflow=1.000 max_level=10.000 act0_lock=1.000 i100=0.0  (1484s)
>>> 6/14 done
[11:37:43] START D6 seed1  cond={'norm_mode': 'sum', 'gamma': 0.1, 'sync_mode': 'step', 'sync_freq': 10, 'weights': [1.0, 1.0, 0.0, 0.0]}
[11:37:44] DONE D0 seed1  overflow=1.000 max_level=10.000 act0_lock=0.933 i100=0.1  (1486s)
[11:37:44] START D6 seed2  cond={'norm_mode': 'sum', 'gamma': 0.1, 'sync_mode': 'step', 'sync_freq': 10, 'weights': [1.0, 1.0, 0.0, 0.0]}
>>> 7/14 done
[11:41:59]     [D4 s1] ep 100/500 loss=0.08779 reward=103.5 eps=0.800 updates=25130
[11:42:03]     [D5 s1] ep 100/500 loss=0.07544 reward=105.3 eps=0.800 updates=25130
[11:42:05]     [D6 s1] ep 100/500 loss=0.03323 reward=205.8 eps=0.800 updates=25130
[11:42:51]     [D3 s2] ep 100/500 loss=0.00537 reward=62.6 eps=0.800 updates=29990
[11:42:51]     [D4 s2] ep 100/500 loss=0.06494 reward=61.3 eps=0.800 updates=29990
[11:42:56]     [D5 s2] ep 100/500 loss=0.09568 reward=61.6 eps=0.800 updates=29990
[11:42:58]     [D6 s2] ep 100/500 loss=0.03050 reward=146.4 eps=0.800 updates=29990
[11:46:59]     [D3 s2] ep 200/500 loss=0.00370 reward=107.2 eps=0.600 updates=53490
[11:46:59]     [D4 s2] ep 200/500 loss=0.07106 reward=105.5 eps=0.600 updates=53490
[11:47:04]     [D5 s2] ep 200/500 loss=0.06896 reward=103.8 eps=0.600 updates=53490
[11:47:06]     [D6 s2] ep 200/500 loss=0.01884 reward=203.3 eps=0.600 updates=53490
[11:47:16]     [D4 s1] ep 200/500 loss=0.04792 reward=104.9 eps=0.600 updates=55200
[11:47:17]     [D5 s1] ep 200/500 loss=0.04358 reward=104.7 eps=0.600 updates=55200
[11:47:20]     [D6 s1] ep 200/500 loss=0.02489 reward=208.1 eps=0.600 updates=55200
[11:52:06]     [D3 s2] ep 300/500 loss=0.00288 reward=157.9 eps=0.400 updates=82690
[11:52:07]     [D4 s2] ep 300/500 loss=0.04164 reward=156.1 eps=0.400 updates=82690
[11:52:09]     [D5 s2] ep 300/500 loss=0.03572 reward=158.4 eps=0.400 updates=82690
[11:52:12]     [D6 s2] ep 300/500 loss=0.01718 reward=297.1 eps=0.400 updates=82690
[11:53:06]     [D5 s1] ep 300/500 loss=0.02209 reward=50.5 eps=0.400 updates=88030
[11:53:06]     [D4 s1] ep 300/500 loss=0.02372 reward=50.8 eps=0.400 updates=88030
[11:53:06]     [D6 s1] ep 300/500 loss=0.01763 reward=106.0 eps=0.400 updates=88030
[11:57:29]     [D5 s1] ep 400/500 loss=0.05583 reward=221.8 eps=0.200 updates=112940
[11:57:31]     [D6 s1] ep 400/500 loss=0.00857 reward=412.3 eps=0.200 updates=112940
[11:57:32]     [D4 s1] ep 400/500 loss=0.07556 reward=227.1 eps=0.200 updates=112940
[11:57:34]     [D3 s2] ep 400/500 loss=0.00167 reward=77.2 eps=0.200 updates=113630
[11:57:34]     [D4 s2] ep 400/500 loss=0.03142 reward=78.3 eps=0.200 updates=113630
[11:57:34]     [D5 s2] ep 400/500 loss=0.02797 reward=79.4 eps=0.200 updates=113630
[11:57:39]     [D6 s2] ep 400/500 loss=0.00995 reward=150.7 eps=0.200 updates=113630
[12:02:34]     [D3 s2] ep 500/500 loss=0.00134 reward=224.8 eps=0.200 updates=142110
[12:02:36]     [D5 s1] ep 500/500 loss=0.05015 reward=325.3 eps=0.200 updates=142110
[12:02:38]     [D6 s1] ep 500/500 loss=0.00908 reward=586.4 eps=0.200 updates=142110
[12:02:38]     [D5 s2] ep 500/500 loss=0.02248 reward=228.3 eps=0.200 updates=142110
[12:02:38]     [D4 s2] ep 500/500 loss=0.04415 reward=226.6 eps=0.200 updates=142110
[12:02:38]     [D6 s2] ep 500/500 loss=0.00979 reward=410.4 eps=0.200 updates=142110
[12:02:39]     [D4 s1] ep 500/500 loss=0.04341 reward=332.4 eps=0.200 updates=142110
[12:02:45] DONE D3 seed2  overflow=1.000 max_level=10.000 act0_lock=1.000 i100=0.0  (1506s)
>>> 8/14 done
[12:02:46] DONE D5 seed1  overflow=0.000 max_level=8.307 act0_lock=0.000 i100=273.6  (1505s)
>>> 9/14 done
[12:02:47] DONE D6 seed1  overflow=0.000 max_level=4.917 act0_lock=0.000 i100=711.1  (1504s)
>>> 10/14 done
[12:02:47] DONE D5 seed2  overflow=0.000 max_level=8.368 act0_lock=0.000 i100=271.9  (1504s)
>>> 11/14 done
[12:02:48] DONE D4 seed2  overflow=0.000 max_level=8.291 act0_lock=0.000 i100=276.7  (1508s)
>>> 12/14 done
[12:02:48] DONE D6 seed2  overflow=0.000 max_level=5.047 act0_lock=0.000 i100=709.9  (1504s)
>>> 13/14 done
[12:02:48] DONE D4 seed1  overflow=0.300 max_level=9.403 act0_lock=0.000 i100=275.9  (1508s)
>>> 14/14 done

=== E3 ablation (mean over seeds) ===
     overflow_rate  mean_max_level_m  action0_lock_rate  mean_n_intervals_100  mean_n_switches
tag                                                                                           
D0            1.00          10.00000            0.96665                 0.035            0.065
D1            1.00          10.00000            1.00000                 0.000            0.000
D2            0.80           9.64415            0.00000               243.815           31.815
D3            0.90           9.92810            0.50000                72.415            3.935
D4            0.15           8.84705            0.00000               276.330           26.185
D5            0.00           8.33760            0.00000               272.765           29.085
D6            0.00           4.98235            0.00000               710.500           13.230
